// Jest Snapshot v1, https://goo.gl/fbAQLP

exports[`MapModal snapshot testing 1`] = `""`;
